// Jest Snapshot v1, https://goo.gl/fbAQLP

exports[`should RENDER ONE EXPENSE 1`] = `
<div>
  <Link
    replace={false}
    to="/edit/1"
  >
    <h3>
      Watter bill
    </h3>
  </Link>
  <p>
    Amount:
     
    199
     
    createdAt:
    31/12/1969
  </p>
</div>
`;
