// Jest Snapshot v1, https://goo.gl/fbAQLP

exports[`should RENDER HEADER CORRECTLY 1`] = `
<header>
  <h1>
    Expensify
  </h1>
  <Menu />
</header>
`;
