// Jest Snapshot v1, https://goo.gl/fbAQLP

exports[`should RENDER DASHBOARD 1`] = `
<div>
  <h1>
    404 :/
  </h1>
  <Link
    replace={false}
    to="/"
  >
    Go home
  </Link>
</div>
`;
